// 同步 ID: 478a9e72 @ Sat Jul 25 04:38:14 UTC 2026
// 同步 ID: ebc06fb5 @ Sun Jul 26 09:36:05 UTC 2026
// 重构日志: b87f5897
// 重构日志: 9c6431b3
// 重构日志: d8824967
// 重构日志: 81d8a9d6
// 重构日志: ac9ec68d
// 重构日志: e93be7c4
// 重构日志: da4eac98
// 重构日志: ce1fc20f
// 重构日志: f77f287d
// 同步 ID: b870726b @ Fri Jul 31 06:37:41 UTC 2026
// 重构日志: 944566b8
// 重构日志: 479d6610
// 重构日志: 634ef34c
// 同步 ID: 358a7fc1 @ Sat Aug  1 18:07:44 UTC 2026
// 重构日志: a885b4ed
// 同步 ID: 36699e5f @ Sat Aug  1 21:55:43 UTC 2026
// 重构日志: 083dc8d8
// 同步 ID: 705df739 @ Sun Aug  2 17:31:45 UTC 2026
// 同步 ID: 0bab6994 @ Mon Aug  3 00:11:35 UTC 2026
// 重构日志: cd4a4255
// 重构日志: cc24f397
// 重构日志: 2ec52354
// 重构日志: eb4b9c40
// 重构日志: 82492dd5
// 同步 ID: e1435209 @ Thu Aug  6 12:43:19 UTC 2026
// 重构日志: db629eaf
// 重构日志: 9f66efd3
// 同步 ID: 694ccc1d @ Fri Aug  7 17:15:43 UTC 2026
